Resolving dependencies...
Downloading packages...
  clock 1.1.2 (1.1.3 available)
> flutter_riverpod 3.4.3 (was 3.3.2)
+ listen 1.0.1
  matcher 0.12.19 (0.12.20 available)
  material_color_utilities 0.13.0 (0.13.1 available)
  meta 1.18.0 (1.19.0 available)
> riverpod 3.4.3 (was 3.3.2)
  stack_trace 1.12.1 (1.12.2 available)
  test_api 0.7.11 (0.7.14 available)
  vector_math 2.2.0 (2.4.3 available)
These packages are no longer being depended on:
- _fe_analyzer_shared 99.0.0
- analyzer 12.1.0
- args 2.7.0
- cli_config 0.2.0
- convert 3.1.2
- coverage 1.15.1
- file 7.0.1
- frontend_server_client 4.0.0
- glob 2.2.0
- http_multi_server 3.2.2
- http_parser 4.1.2
- io 1.1.0
- logging 1.3.0
- mime 2.1.0
- node_preamble 2.0.2
- package_config 2.2.0
- pool 1.5.3
- pub_semver 2.2.1
- shelf 1.4.2
- shelf_packages_handler 3.0.2
- shelf_static 1.1.3
- shelf_web_socket 3.0.0
- source_map_stack_trace 2.1.2
- source_maps 0.10.14
- test 1.31.0
- test_core 0.6.17
- watcher 1.2.1
- web 1.1.1
- web_socket 1.0.1
- web_socket_channel 3.0.3
- webkit_inspection_protocol 1.2.1
- yaml 3.1.4
Changed 35 dependencies!
7 packages have newer versions incompatible with dependency constraints.
Try `flutter pub outdated` for more information.
00:00 +0: loading /home/decruce/Documents/ConoceRD/dev/evidence/2026-09-26-l5-riverpod/framework-probe/test/refresh_test.dart
00:00 +0: paused async dependency refresh resumes without a build error
00:00 +1: All tests passed!
