2026-09-27T08:01:00Z session start; Override size: 393x852 font=1.0
2026-09-27T08:01:01Z installed versionCode=94178 versionName=0.17.0-taskb.50afe82 
2026-09-27T08:01:06Z state after launch: login
2026-09-27T08:02:57Z after sign-in: login-failed
2026-09-27T08:02:58Z capture signin-failed-50afe82 pid=29455
2026-09-27T08:02:58Z STOP: not signed in
2026-09-27T08:02:58Z restored: Override size: 393x852 font=1.0
2026-09-27T08:05:30Z session start; Override size: 393x852 font=1.0
2026-09-27T08:05:31Z installed versionCode=94178 versionName=0.17.0-taskb.50afe82 
2026-09-27T08:05:39Z tapped Saltar
2026-09-27T08:05:43Z state after launch: login
2026-09-27T08:07:39Z after sign-in: login-failed
2026-09-27T08:07:39Z STOP: not signed in (no capture: the form may hold credentials)
2026-09-27T08:07:39Z restored: Override size: 393x852 font=1.0
2026-09-27T08:07:56Z session start; Override size: 393x852 font=1.0
2026-09-27T08:07:57Z installed versionCode=94178 versionName=0.17.0-taskb.50afe82 
2026-09-27T08:08:02Z state after launch: login
2026-09-27T08:10:00Z screen texts: content-desc="¡Bienvenido de vuelta!" content-desc="Continuar con Google" content-desc="EN" content-desc="ES" content-desc="Hecho en República Dominicana" content-desc="Iniciar sesión" content-desc="Mostrar contraseña" content-desc="o continúa con" content-desc="¿Olvidaste tu contraseña?" content-desc="Registrarse" content-desc="Tu próxima aventura te espera." 
2026-09-27T08:10:02Z email field length: 0
2026-09-27T08:10:02Z after sign-in: login-failed
2026-09-27T08:10:02Z STOP: not signed in (no capture: the form may hold credentials)
2026-09-27T08:10:02Z restored: Override size: 393x852 font=1.0
2026-09-27T08:10:17Z session start; Override size: 393x852 font=1.0
2026-09-27T08:10:18Z installed versionCode=94178 versionName=0.17.0-taskb.50afe82 
2026-09-27T08:10:23Z state after launch: login
2026-09-27T08:10:38Z tapped Iniciar sesión
2026-09-27T08:12:21Z screen texts: 
2026-09-27T08:12:23Z email field length: 0
2026-09-27T08:12:23Z after sign-in: login-failed
2026-09-27T08:12:23Z STOP: not signed in (no capture: the form may hold credentials)
2026-09-27T08:12:23Z restored: Override size: 393x852 font=1.0
2026-09-27T08:13:01Z session start; Override size: 393x852 font=1.0
2026-09-27T08:13:02Z installed versionCode=94178 versionName=0.17.0-taskb.50afe82 
2026-09-27T08:15:01Z state after launch: unknown
2026-09-27T08:15:03Z firestore files: com.google.android.datatransport.events com.google.android.datatransport.events-journal firestore.%5BDEFAULT%5D.conocerd-dev.%28default%29 firestore.%5BDEFAULT%5D.conocerd-dev.%28default%29-journal 
2026-09-27T08:15:03Z firestore files after clearing: com.google.android.datatransport.events com.google.android.datatransport.events-journal 
2026-09-27T08:15:03Z network delay 20000 ms
2026-09-27T08:15:04Z cold start pid=9461
2026-09-27T08:15:45Z capture popular-error-top-50afe82 pid=9461
2026-09-27T08:15:47Z capture popular-error-scroll1-50afe82 pid=9461
2026-09-27T08:15:50Z capture popular-error-scroll2-50afe82 pid=9461
2026-09-27T08:15:54Z Reintentar bounds: none; error text: 0
2026-09-27T08:15:54Z network delay none
2026-09-27T08:15:57Z Reintentar not tapped
2026-09-27T08:16:14Z after retry, Reintentar present: 0
2026-09-27T08:16:14Z capture popular-after-retry-50afe82 pid=9461
2026-09-27T08:16:18Z cold start pid=9730
2026-09-27T08:16:48Z capture popular-cold-start-top-50afe82 pid=9730
2026-09-27T08:16:51Z capture popular-cold-start-scroll1-50afe82 pid=9730
2026-09-27T08:16:54Z capture popular-cold-start-scroll2-50afe82 pid=9730
2026-09-27T08:16:57Z Populares in tree: 0
2026-09-27T08:16:57Z versionCode at end: versionCode=94178
2026-09-27T08:16:57Z restored: Override size: 393x852 font=1.0
2026-09-27T08:17:22Z session start; Override size: 393x852 font=1.0
2026-09-27T08:17:23Z installed versionCode=94178 versionName=0.17.0-taskb.50afe82 
2026-09-27T08:19:32Z state after launch: unknown
2026-09-27T08:19:35Z dismissed the password-manager sheet
2026-09-27T08:19:38Z firestore files: com.google.android.datatransport.events com.google.android.datatransport.events-journal firestore.%5BDEFAULT%5D.conocerd-dev.%28default%29 firestore.%5BDEFAULT%5D.conocerd-dev.%28default%29-journal 
2026-09-27T08:19:38Z firestore files after clearing: com.google.android.datatransport.events com.google.android.datatransport.events-journal 
2026-09-27T08:19:38Z network delay 20000 ms
2026-09-27T08:19:46Z cold start pid=10657
2026-09-27T08:20:28Z capture popular-error-top-50afe82 pid=10657
2026-09-27T08:20:31Z capture popular-error-scroll1-50afe82 pid=10657
2026-09-27T08:20:33Z capture popular-error-scroll2-50afe82 pid=10657
2026-09-27T08:20:37Z Reintentar bounds: none; error text: 0
2026-09-27T08:20:37Z network delay none
2026-09-27T08:20:40Z Reintentar not tapped
2026-09-27T08:20:58Z after retry, Reintentar present: 0
2026-09-27T08:20:58Z capture popular-after-retry-50afe82 pid=10657
2026-09-27T08:21:01Z cold start pid=10949
2026-09-27T08:21:33Z capture popular-cold-start-top-50afe82 pid=10949
2026-09-27T08:21:36Z capture popular-cold-start-scroll1-50afe82 pid=10949
2026-09-27T08:21:38Z capture popular-cold-start-scroll2-50afe82 pid=10949
2026-09-27T08:21:40Z Populares in tree: 1
2026-09-27T08:21:41Z versionCode at end: versionCode=94178
2026-09-27T08:21:41Z restored: Override size: 393x852 font=1.0
