Resolving dependencies...
Downloading packages...
  _fe_analyzer_shared 99.0.0 (108.0.0 available)
  _flutterfire_internals 1.3.76 (1.3.77 available)
  analyzer 12.1.0 (14.4.0 available)
  cached_network_image 3.4.1 (4.0.2 available)
  cached_network_image_platform_interface 4.1.1 (5.0.2 available)
  cached_network_image_web 1.3.1 (2.0.2 available)
  cel 0.5.4+1 (0.6.0 available)
  clock 1.1.2 (1.1.3 available)
  cloud_firestore 6.8.0 (6.10.0 available)
  cloud_firestore_platform_interface 8.0.6 (8.0.7 available)
  cloud_firestore_web 5.7.2 (5.7.3 available)
  code_assets 1.2.1 (2.1.0 available)
  cross_file 0.3.5+2 (0.4.0 available)
  dbus 0.7.14 (0.8.0 available)
  equatable 2.1.0 (3.0.0 available)
  fake_cloud_firestore 4.2.0 (4.3.0 available)
  fake_firebase_security_rules 0.5.4 (0.6.0 available)
  file_selector_linux 0.9.4 (0.9.4+1 available)
  file_selector_macos 0.9.5 (0.9.5+1 available)
  file_selector_windows 0.9.3+5 (0.9.3+6 available)
  firebase_app_check 0.4.6 (0.4.8 available)
  firebase_app_check_platform_interface 0.4.2 (0.4.2+1 available)
  firebase_app_check_web 0.2.6 (0.2.6+1 available)
  firebase_auth 6.5.7 (6.7.0 available)
  firebase_auth_platform_interface 9.0.6 (9.1.0 available)
  firebase_auth_web 6.2.6 (6.3.0 available)
  firebase_core 4.13.0 (4.15.0 available)
  firebase_core_platform_interface 8.1.0 (8.1.1 available)
  firebase_core_web 3.10.0 (3.12.0 available)
  firebase_crashlytics 5.2.7 (5.4.0 available)
  firebase_crashlytics_platform_interface 3.8.27 (3.9.0 available)
  firebase_remote_config 6.5.6 (6.7.0 available)
  firebase_remote_config_platform_interface 3.0.6 (3.0.7 available)
  firebase_remote_config_web 1.10.13 (1.10.14 available)
  firebase_storage 13.4.6 (13.6.0 available)
  firebase_storage_platform_interface 6.0.6 (6.0.7 available)
  firebase_storage_web 3.11.12 (3.11.13 available)
  flutter_cache_manager 3.4.1 (3.4.5 available)
  flutter_riverpod 3.3.2 (3.4.3 available)
  geolocator 13.0.4 (14.0.3 available)
  geolocator_android 4.6.2 (5.0.3 available)
  geolocator_platform_interface 4.2.8 (4.3.0 available)
  glob 2.1.3 (2.2.0 available)
  go_router 17.3.0 (18.0.1 available)
  google_fonts 8.1.0 (8.2.1 available)
  google_sign_in 6.3.0 (7.2.0 available)
  google_sign_in_android 6.2.1 (7.2.17 available)
  google_sign_in_ios 5.9.0 (6.3.5 available)
  google_sign_in_platform_interface 2.5.0 (3.1.0 available)
  google_sign_in_web 0.12.4+4 (1.1.3 available)
  hooks 2.0.2 (2.2.0 available)
  image_picker 1.2.2 (1.2.3 available)
  image_picker_android 0.8.13+19 (0.8.13+23 available)
  image_picker_ios 0.8.13+6 (0.8.13+8 available)
  intl 0.20.2 (0.20.3 available)
  io 1.0.5 (1.1.0 available)
  jni 1.0.0 (1.0.3 available)
  jni_flutter 1.0.1 (1.0.3 available)
  logger 2.7.0 (2.8.0 available)
  mapbox_maps_flutter 2.26.0 (2.31.0 available)
  matcher 0.12.19 (0.12.20 available)
  material_color_utilities 0.13.0 (0.13.1 available)
  meta 1.18.0 (1.19.0 available)
  mime 2.0.0 (2.1.0 available)
  objective_c 9.4.1 (9.6.0 available)
  octo_image 2.1.0 (2.1.1 available)
  package_config 2.2.0 (3.0.0 available)
  package_info_plus 9.0.1 (10.2.1 available)
  package_info_plus_platform_interface 3.2.1 (4.1.0 available)
  platform 3.1.6 (3.2.0 available)
  pool 1.5.2 (1.5.3 available)
  pub_semver 2.2.0 (2.2.1 available)
  record_use 0.6.0 (1.1.1 available)
  riverpod 3.3.2 (3.4.3 available)
  share_plus 10.1.4 (13.3.0 available)
  share_plus_platform_interface 5.0.2 (7.2.0 available)
  shared_preferences_android 2.4.26 (2.4.28 available)
  shared_preferences_foundation 2.5.6 (2.5.7 available)
  source_maps 0.10.13 (0.10.14 available)
  sqflite 2.4.3 (2.4.4 available)
  sqflite_android 2.4.3 (2.4.4 available)
  sqflite_common 2.5.11 (2.5.13 available)
  sqflite_darwin 2.4.3 (2.4.4 available)
  sqflite_platform_interface 2.4.1 (2.4.2 available)
  stack_trace 1.12.1 (1.12.2 available)
  synchronized 3.4.1 (3.4.2 available)
  test 1.31.0 (1.32.0 available)
  test_api 0.7.11 (0.7.14 available)
  test_core 0.6.17 (0.6.20 available)
  turf 0.0.12 (0.0.14 available)
  url_launcher_android 6.3.32 (6.3.33 available)
  url_launcher_ios 6.4.1 (6.4.2 available)
  url_launcher_linux 3.2.2 (3.2.3 available)
  url_launcher_macos 3.2.5 (3.2.6 available)
  url_launcher_windows 3.1.5 (3.1.6 available)
  uuid 4.5.3 (4.6.0 available)
  vector_math 2.2.0 (2.4.3 available)
  vm_service 15.2.0 (15.3.0 available)
  wakelock_plus 1.5.2 (1.8.0 available)
  wakelock_plus_platform_interface 1.5.1 (1.7.0 available)
  win32 5.15.0 (6.4.0 available)
  xml 6.6.1 (7.0.1 available)
  yaml 3.1.3 (3.1.4 available)
Got dependencies!
103 packages have newer versions incompatible with dependency constraints.
Try `flutter pub outdated` for more information.
00:00 +0: loading /home/decruce/dev/wt/conocerd/feat/guia-primeros-pasos/test/riverpod_refresh_regression_test.dart
00:00 +0: paused async dependency refresh resumes without a build error
══╡ EXCEPTION CAUGHT BY FLUTTER TEST FRAMEWORK ╞════════════════════════════════════════════════════
The following assertion was thrown running a test:
setState() or markNeedsBuild() called during build.
This UncontrolledProviderScope widget cannot be marked as needing to build because the framework is
already in the process of building widgets. A widget can be marked as needing to be built during the
build phase only if one of its ancestors is currently building. This exception is allowed because
the framework builds parent widgets before children, which means a dirty descendant will always be
built. Otherwise, the framework might not visit this widget during this build phase.
The widget on which setState() or markNeedsBuild() was called was:
  UncontrolledProviderScope
The widget which was currently being built when the offending call was made was:
  ValueListenableBuilder<bool>

When the exception was thrown, this was the stack:
#0      Element.markNeedsBuild.<anonymous closure> (package:flutter/src/widgets/framework.dart:5373:9)
#1      Element.markNeedsBuild (package:flutter/src/widgets/framework.dart:5385:6)
#2      State.setState (package:flutter/src/widgets/framework.dart:1219:15)
#3      _UncontrolledProviderScopeState.scheduleRefresh (package:flutter_riverpod/src/core/provider_scope.dart:318:5)
#4      ProviderScheduler._scheduleRefreshTask (package:riverpod/src/core/scheduler.dart:150:18)
#5      ProviderScheduler._scheduleTaskWithVsyncs (package:riverpod/src/core/scheduler.dart:139:31)
#6      ProviderScheduler._scheduleTask (package:riverpod/src/core/scheduler.dart:123:19)
#7      ProviderScheduler.scheduleProviderRefresh (package:riverpod/src/core/scheduler.dart:87:5)
#8      ProviderElement.invalidateSelf (package:riverpod/src/core/element.dart:821:25)
#9      Ref._invalidateSelf (package:riverpod/src/core/ref.dart:349:14)
#10     Ref.watch.<anonymous closure> (package:riverpod/src/core/ref.dart:728:24)
#11     InternalProviderContainer.runBinaryGuarded (package:riverpod/src/core/provider_container.dart:765:9)
#12     ProviderSubscriptionImpl._notifyData (package:riverpod/src/core/provider_subscription.dart:183:32)
#13     ProviderElementProxy._addListener.<anonymous closure> (package:riverpod/src/core/proxy_provider_listenable.dart:118:27)
#14     _ValueListenable._notifyValue.<anonymous closure> (package:riverpod/src/common/listenable.dart:387:52)
#15     _ValueListenable._notifyListeners (package:riverpod/src/common/listenable.dart:329:17)
#16     _ValueListenable._notifyValue (package:riverpod/src/common/listenable.dart:387:5)
#17     _ValueListenable.unlockNotification (package:riverpod/src/common/listenable.dart:137:9)
#18     ProviderElement._performRebuild.<anonymous closure> (package:riverpod/src/core/element.dart:641:20)
#19     ElementWithFuture.visitListenables (package:riverpod/src/core/element.dart:350:22)
#20     ProviderElement._performRebuild (package:riverpod/src/core/element.dart:640:7)
#21     ProviderElement.flush (package:riverpod/src/core/element.dart:705:7)
#22     ProviderElement._maybeRebuildDependencies.<anonymous closure> (package:riverpod/src/core/element.dart:718:41)
#23     ProviderElement.visitAncestors (package:riverpod/src/core/element.dart:1384:16)
#24     ProviderElement._maybeRebuildDependencies (package:riverpod/src/core/element.dart:718:5)
#25     ProviderElement.flush (package:riverpod/src/core/element.dart:702:5)
#26     ProviderSubscriptionImpl.resume (package:riverpod/src/core/provider_subscription.dart:161:22)
#27     ConsumerStatefulElement._updateTickerMode (package:flutter_riverpod/src/core/consumer.dart:426:15)
#28     ChangeNotifier.notifyListeners (package:flutter/src/foundation/change_notifier.dart:435:24)
#29     ValueNotifier.value= (package:flutter/src/foundation/change_notifier.dart:563:5)
#30     _TickerModeState._updateEffectiveMode (package:flutter/src/widgets/ticker_provider.dart:241:20)
#31     _TickerModeState.didUpdateWidget (package:flutter/src/widgets/ticker_provider.dart:228:5)
#32     StatefulElement.update (package:flutter/src/widgets/framework.dart:5991:55)
#33     Element.updateChild (package:flutter/src/widgets/framework.dart:4037:15)
#34     ComponentElement.performRebuild (package:flutter/src/widgets/framework.dart:5841:16)
#35     StatefulElement.performRebuild (package:flutter/src/widgets/framework.dart:5982:11)
#36     Element.rebuild (package:flutter/src/widgets/framework.dart:5529:7)
#37     BuildScope._tryRebuild (package:flutter/src/widgets/framework.dart:2750:15)
#38     BuildScope._flushDirtyElements (package:flutter/src/widgets/framework.dart:2807:11)
#39     BuildOwner.buildScope (package:flutter/src/widgets/framework.dart:3111:18)
#40     AutomatedTestWidgetsFlutterBinding.drawFrame (package:flutter_test/src/binding.dart:2431:19)
#41     RendererBinding._handlePersistentFrameCallback (package:flutter/src/rendering/binding.dart:509:5)
#42     SchedulerBinding._invokeFrameCallback (package:flutter/src/scheduler/binding.dart:1430:15)
#43     SchedulerBinding.handleDrawFrame (package:flutter/src/scheduler/binding.dart:1345:9)
#44     AutomatedTestWidgetsFlutterBinding.pump.<anonymous closure> (package:flutter_test/src/binding.dart:2260:9)
#47     TestAsyncUtils.guard (package:flutter_test/src/test_async_utils.dart:74:41)
#48     AutomatedTestWidgetsFlutterBinding.pump (package:flutter_test/src/binding.dart:2249:27)
#49     WidgetTester.pumpAndSettle.<anonymous closure> (package:flutter_test/src/widget_tester.dart:719:23)
#52     TestAsyncUtils.guard (package:flutter_test/src/test_async_utils.dart:74:41)
#53     WidgetTester.pumpAndSettle (package:flutter_test/src/widget_tester.dart:712:27)
#54     main.<anonymous closure> (file:///home/decruce/dev/wt/conocerd/feat/guia-primeros-pasos/test/riverpod_refresh_regression_test.dart:47:18)
<asynchronous suspension>
#55     testWidgets.<anonymous closure>.<anonymous closure> (package:flutter_test/src/widget_tester.dart:192:15)
<asynchronous suspension>
#56     TestWidgetsFlutterBinding._runTestBody (package:flutter_test/src/binding.dart:1952:5)
<asynchronous suspension>
<asynchronous suspension>
(elided 5 frames from dart:async and package:stack_trace)

The test description was:
  paused async dependency refresh resumes without a build error
════════════════════════════════════════════════════════════════════════════════════════════════════
00:00 +0 -1: paused async dependency refresh resumes without a build error [E]
  Test failed. See exception logs above.
  The test description was: paused async dependency refresh resumes without a build error
  
00:00 +0 -1: Some tests failed.

Failing tests:
  /home/decruce/dev/wt/conocerd/feat/guia-primeros-pasos/test/riverpod_refresh_regression_test.dart: paused async dependency refresh resumes without a build error
